gap> O;
Origami((1,3,5), (1,3)(2,4,5), 5)
gap> KinderzeichnungenFromCuspsOfOrigami(O);
Error, no method found! For debugging hints type ?Recovery from NoMethodFound
Error, no 1st choice method found for `ModularSubgroup' on 2 arguments called from
ModularSubgroup( PermList( sigma[2] ), PermList( sigma[1] ) ) at /home/pk/src/Origami//lib/origami.gi:63 called from
CalcVeechGroup( Origami ) at /home/pk/src/Origami//lib/origami.gi:158 called from
VeechGroup( O ) at /home/pk/src/Origami//lib/origami.gi:205 called from
<function "KinderzeichnungenFromCuspsOfOrigami">( <arguments> )
 called from read-eval loop at line 4 of *stdin*
you can 'quit;' to quit to outer loop, or
you can 'return;' to continue
brk> quit;
gap> KinderzeichnungenFromCuspsOfOrigami(O);
Error, no method found! For debugging hints type ?Recovery from NoMethodFound
Error, no 1st choice method found for `ModularSubgroup' on 2 arguments called from
ModularSubgroup( PermList( sigma[2] ), PermList( sigma[1] ) ) at /home/pk/src/Origami//lib/origami.gi:63 called from
CalcVeechGroup( Origami ) at /home/pk/src/Origami//lib/origami.gi:158 called from
VeechGroup( O ) at /home/pk/src/Origami//lib/origami.gi:205 called from
<function "KinderzeichnungenFromCuspsOfOrigami">( <arguments> )
 called from read-eval loop at line 4 of *stdin*
you can 'quit;' to quit to outer loop, or
you can 'return;' to continue
brk> quit;
gap> 
gap> O := ExampleOrigami(5);
Origami((1,5,2)(3,4), (1,2)(3,5), 5)
gap> KinderzeichnungenFromCuspsOfOrigami(O);
[ [ [ 1, 5, 2, 4, 3 ] ], [ [ 1, 2, 4, 5, 3 ] ], [ [ 1, 3, 2, 4, 5 ] ], [ [ 1, 5, 2, 4, 3 ] ] ]
gap> quit;
